// Jest Snapshot v1, https://goo.gl/fbAQLP

exports[`json serializer serializes bigtest correctly 1`] = `
"{
    "type": "COMPOUND",
    "value": [
        {
            "type": "LONG",
            "value": "9223372036854775807L",
            "name": "longTest"
        },
        {
            "type": "SHORT",
            "value": 32767,
            "name": "shortTest"
        },
        {
            "type": "STRING",
            "value": "HELLO WORLD THIS IS A TEST STRING ÅÄÖ!",
            "name": "stringTest"
        },
        {
            "type": "FLOAT",
            "value": 0.4982314705848694,
            "name": "floatTest"
        },
        {
            "type": "INT",
            "value": 2147483647,
            "name": "intTest"
        },
        {
            "type": "COMPOUND",
            "value": [
                {
                    "type": "COMPOUND",
                    "value": [
                        {
                            "type": "STRING",
                            "value": "Hampus",
                            "name": "name"
                        },
                        {
                            "type": "FLOAT",
                            "value": 0.75,
                            "name": "value"
                        }
                    ],
                    "name": "ham"
                },
                {
                    "type": "COMPOUND",
                    "value": [
                        {
                            "type": "STRING",
                            "value": "Eggbert",
                            "name": "name"
                        },
                        {
                            "type": "FLOAT",
                            "value": 0.5,
                            "name": "value"
                        }
                    ],
                    "name": "egg"
                }
            ],
            "name": "nested compound test"
        },
        {
            "type": "LIST",
            "value": [
                {
                    "type": "LONG",
                    "value": "11L"
                },
                {
                    "type": "LONG",
                    "value": "12L"
                },
                {
                    "type": "LONG",
                    "value": "13L"
                },
                {
                    "type": "LONG",
                    "value": "14L"
                },
                {
                    "type": "LONG",
                    "value": "15L"
                }
            ],
            "name": "listTest (long)"
        },
        {
            "type": "LIST",
            "value": [
                {
                    "type": "COMPOUND",
                    "value": [
                        {
                            "type": "STRING",
                            "value": "Compound tag #0",
                            "name": "name"
                        },
                        {
                            "type": "LONG",
                            "value": "1264099775885L",
                            "name": "created-on"
                        }
                    ]
                },
                {
                    "type": "COMPOUND",
                    "value": [
                        {
                            "type": "STRING",
                            "value": "Compound tag #1",
                            "name": "name"
                        },
                        {
                            "type": "LONG",
                            "value": "1264099775885L",
                            "name": "created-on"
                        }
                    ]
                }
            ],
            "name": "listTest (compound)"
        },
        {
            "type": "BYTE",
            "value": 127,
            "name": "byteTest"
        },
        {
            "type": "BYTE_ARRAY",
            "value": [
                0,
                62,
                34,
                16,
                8,
                10,
                22,
                44,
                76,
                18,
                70,
                32,
                4,
                86,
                78,
                80,
                92,
                14,
                46,
                88,
                40,
                2,
                74,
                56,
                48,
                50,
                62,
                84,
                16,
                58,
                10,
                72,
                44,
                26,
                18,
                20,
                32,
                54,
                86,
                28,
                80,
                42,
                14,
                96,
                88,
                90,
                2,
                24,
                56,
                98,
                50,
                12,
                84,
                66,
                58,
                60,
                72,
                94,
                26,
                68,
                20,
                82,
                54,
                36,
                28,
                30,
                42,
                64,
                96,
                38,
                90,
                52,
                24,
                6,
                98,
                0,
                12,
                34,
                66,
                8,
                60,
                22,
                94,
                76,
                68,
                70,
                82,
                4,
                36,
                78,
                30,
                92,
                64,
                46,
                38,
                40,
                52,
                74,
                6,
                48,
                0,
                62,
                34,
                16,
                8,
                10,
                22,
                44,
                76,
                18,
                70,
                32,
                4,
                86,
                78,
                80,
                92,
                14,
                46,
                88,
                40,
                2,
                74,
                56,
                48,
                50,
                62,
                84,
                16,
                58,
                10,
                72,
                44,
                26,
                18,
                20,
                32,
                54,
                86,
                28,
                80,
                42,
                14,
                96,
                88,
                90,
                2,
                24,
                56,
                98,
                50,
                12,
                84,
                66,
                58,
                60,
                72,
                94,
                26,
                68,
                20,
                82,
                54,
                36,
                28,
                30,
                42,
                64,
                96,
                38,
                90,
                52,
                24,
                6,
                98,
                0,
                12,
                34,
                66,
                8,
                60,
                22,
                94,
                76,
                68,
                70,
                82,
                4,
                36,
                78,
                30,
                92,
                64,
                46,
                38,
                40,
                52,
                74,
                6,
                48,
                0,
                62,
                34,
                16,
                8,
                10,
                22,
                44,
                76,
                18,
                70,
                32,
                4,
                86,
                78,
                80,
                92,
                14,
                46,
                88,
                40,
                2,
                74,
                56,
                48,
                50,
                62,
                84,
                16,
                58,
                10,
                72,
                44,
                26,
                18,
                20,
                32,
                54,
                86,
                28,
                80,
                42,
                14,
                96,
                88,
                90,
                2,
                24,
                56,
                98,
                50,
                12,
                84,
                66,
                58,
                60,
                72,
                94,
                26,
                68,
                20,
                82,
                54,
                36,
                28,
                30,
                42,
                64,
                96,
                38,
                90,
                52,
                24,
                6,
                98,
                0,
                12,
                34,
                66,
                8,
                60,
                22,
                94,
                76,
                68,
                70,
                82,
                4,
                36,
                78,
                30,
                92,
                64,
                46,
                38,
                40,
                52,
                74,
                6,
                48,
                0,
                62,
                34,
                16,
                8,
                10,
                22,
                44,
                76,
                18,
                70,
                32,
                4,
                86,
                78,
                80,
                92,
                14,
                46,
                88,
                40,
                2,
                74,
                56,
                48,
                50,
                62,
                84,
                16,
                58,
                10,
                72,
                44,
                26,
                18,
                20,
                32,
                54,
                86,
                28,
                80,
                42,
                14,
                96,
                88,
                90,
                2,
                24,
                56,
                98,
                50,
                12,
                84,
                66,
                58,
                60,
                72,
                94,
                26,
                68,
                20,
                82,
                54,
                36,
                28,
                30,
                42,
                64,
                96,
                38,
                90,
                52,
                24,
                6,
                98,
                0,
                12,
                34,
                66,
                8,
                60,
                22,
                94,
                76,
                68,
                70,
                82,
                4,
                36,
                78,
                30,
                92,
                64,
                46,
                38,
                40,
                52,
                74,
                6,
                48,
                0,
                62,
                34,
                16,
                8,
                10,
                22,
                44,
                76,
                18,
                70,
                32,
                4,
                86,
                78,
                80,
                92,
                14,
                46,
                88,
                40,
                2,
                74,
                56,
                48,
                50,
                62,
                84,
                16,
                58,
                10,
                72,
                44,
                26,
                18,
                20,
                32,
                54,
                86,
                28,
                80,
                42,
                14,
                96,
                88,
                90,
                2,
                24,
                56,
                98,
                50,
                12,
                84,
                66,
                58,
                60,
                72,
                94,
                26,
                68,
                20,
                82,
                54,
                36,
                28,
                30,
                42,
                64,
                96,
                38,
                90,
                52,
                24,
                6,
                98,
                0,
                12,
                34,
                66,
                8,
                60,
                22,
                94,
                76,
                68,
                70,
                82,
                4,
                36,
                78,
                30,
                92,
                64,
                46,
                38,
                40,
                52,
                74,
                6,
                48,
                0,
                62,
                34,
                16,
                8,
                10,
                22,
                44,
                76,
                18,
                70,
                32,
                4,
                86,
                78,
                80,
                92,
                14,
                46,
                88,
                40,
                2,
                74,
                56,
                48,
                50,
                62,
                84,
                16,
                58,
                10,
                72,
                44,
                26,
                18,
                20,
                32,
                54,
                86,
                28,
                80,
                42,
                14,
                96,
                88,
                90,
                2,
                24,
                56,
                98,
                50,
                12,
                84,
                66,
                58,
                60,
                72,
                94,
                26,
                68,
                20,
                82,
                54,
                36,
                28,
                30,
                42,
                64,
                96,
                38,
                90,
                52,
                24,
                6,
                98,
                0,
                12,
                34,
                66,
                8,
                60,
                22,
                94,
                76,
                68,
                70,
                82,
                4,
                36,
                78,
                30,
                92,
                64,
                46,
                38,
                40,
                52,
                74,
                6,
                48,
                0,
                62,
                34,
                16,
                8,
                10,
                22,
                44,
                76,
                18,
                70,
                32,
                4,
                86,
                78,
                80,
                92,
                14,
                46,
                88,
                40,
                2,
                74,
                56,
                48,
                50,
                62,
                84,
                16,
                58,
                10,
                72,
                44,
                26,
                18,
                20,
                32,
                54,
                86,
                28,
                80,
                42,
                14,
                96,
                88,
                90,
                2,
                24,
                56,
                98,
                50,
                12,
                84,
                66,
                58,
                60,
                72,
                94,
                26,
                68,
                20,
                82,
                54,
                36,
                28,
                30,
                42,
                64,
                96,
                38,
                90,
                52,
                24,
                6,
                98,
                0,
                12,
                34,
                66,
                8,
                60,
                22,
                94,
                76,
                68,
                70,
                82,
                4,
                36,
                78,
                30,
                92,
                64,
                46,
                38,
                40,
                52,
                74,
                6,
                48,
                0,
                62,
                34,
                16,
                8,
                10,
                22,
                44,
                76,
                18,
                70,
                32,
                4,
                86,
                78,
                80,
                92,
                14,
                46,
                88,
                40,
                2,
                74,
                56,
                48,
                50,
                62,
                84,
                16,
                58,
                10,
                72,
                44,
                26,
                18,
                20,
                32,
                54,
                86,
                28,
                80,
                42,
                14,
                96,
                88,
                90,
                2,
                24,
                56,
                98,
                50,
                12,
                84,
                66,
                58,
                60,
                72,
                94,
                26,
                68,
                20,
                82,
                54,
                36,
                28,
                30,
                42,
                64,
                96,
                38,
                90,
                52,
                24,
                6,
                98,
                0,
                12,
                34,
                66,
                8,
                60,
                22,
                94,
                76,
                68,
                70,
                82,
                4,
                36,
                78,
                30,
                92,
                64,
                46,
                38,
                40,
                52,
                74,
                6,
                48,
                0,
                62,
                34,
                16,
                8,
                10,
                22,
                44,
                76,
                18,
                70,
                32,
                4,
                86,
                78,
                80,
                92,
                14,
                46,
                88,
                40,
                2,
                74,
                56,
                48,
                50,
                62,
                84,
                16,
                58,
                10,
                72,
                44,
                26,
                18,
                20,
                32,
                54,
                86,
                28,
                80,
                42,
                14,
                96,
                88,
                90,
                2,
                24,
                56,
                98,
                50,
                12,
                84,
                66,
                58,
                60,
                72,
                94,
                26,
                68,
                20,
                82,
                54,
                36,
                28,
                30,
                42,
                64,
                96,
                38,
                90,
                52,
                24,
                6,
                98,
                0,
                12,
                34,
                66,
                8,
                60,
                22,
                94,
                76,
                68,
                70,
                82,
                4,
                36,
                78,
                30,
                92,
                64,
                46,
                38,
                40,
                52,
                74,
                6,
                48,
                0,
                62,
                34,
                16,
                8,
                10,
                22,
                44,
                76,
                18,
                70,
                32,
                4,
                86,
                78,
                80,
                92,
                14,
                46,
                88,
                40,
                2,
                74,
                56,
                48,
                50,
                62,
                84,
                16,
                58,
                10,
                72,
                44,
                26,
                18,
                20,
                32,
                54,
                86,
                28,
                80,
                42,
                14,
                96,
                88,
                90,
                2,
                24,
                56,
                98,
                50,
                12,
                84,
                66,
                58,
                60,
                72,
                94,
                26,
                68,
                20,
                82,
                54,
                36,
                28,
                30,
                42,
                64,
                96,
                38,
                90,
                52,
                24,
                6,
                98,
                0,
                12,
                34,
                66,
                8,
                60,
                22,
                94,
                76,
                68,
                70,
                82,
                4,
                36,
                78,
                30,
                92,
                64,
                46,
                38,
                40,
                52,
                74,
                6,
                48
            ],
            "name": "byteArrayTest (the first 1000 values of (n*n*255+n*7)%100, starting with n=0 (0, 62, 34, 16, 8, ...))"
        },
        {
            "type": "DOUBLE",
            "value": 0.4931287132182315,
            "name": "doubleTest"
        }
    ],
    "name": "Level"
}"
`;

exports[`json serializer serializes hello world correctly 1`] = `
"{
    "type": "COMPOUND",
    "value": [
        {
            "type": "STRING",
            "value": "Bananrama",
            "name": "name"
        }
    ],
    "name": "hello world"
}"
`;

exports[`json serializer serializes player-nan-value correvtly 1`] = `
"{
    "type": "COMPOUND",
    "value": [
        {
            "type": "LIST",
            "value": [
                {
                    "type": "DOUBLE",
                    "value": 0
                },
                {
                    "type": "DOUBLE",
                    "value": 0
                },
                {
                    "type": "DOUBLE",
                    "value": 0
                }
            ],
            "name": "Motion"
        },
        {
            "type": "FLOAT",
            "value": 0,
            "name": "FallDistance"
        },
        {
            "type": "LIST",
            "value": [
                {
                    "type": "DOUBLE",
                    "value": 0
                },
                {
                    "type": "DOUBLE",
                    "value": 0
                },
                {
                    "type": "DOUBLE",
                    "value": 0
                }
            ],
            "name": "Pos"
        },
        {
            "type": "SHORT",
            "value": 20,
            "name": "Health"
        },
        {
            "type": "SHORT",
            "value": 0,
            "name": "DeathTime"
        },
        {
            "type": "SHORT",
            "value": -20,
            "name": "Fire"
        },
        {
            "type": "SHORT",
            "value": 300,
            "name": "Air"
        },
        {
            "type": "BYTE",
            "value": 1,
            "name": "OnGround"
        },
        {
            "type": "SHORT",
            "value": 0,
            "name": "HurtTime"
        },
        {
            "type": "LIST",
            "value": [
                {
                    "type": "FLOAT",
                    "value": 164.3999481201172
                },
                {
                    "type": "FLOAT",
                    "value": -63.150203704833984
                }
            ],
            "name": "Rotation"
        },
        {
            "type": "SHORT",
            "value": 0,
            "name": "AttackTime"
        },
        {
            "type": "LIST",
            "value": [],
            "name": "Inventory"
        }
    ],
    "name": ""
}"
`;
